  Determining projects to restore...
  All projects are up-to-date for restore.
  SharedKernel -> C:\Users\Hey\Desktop\demo\src\SharedKernel\bin\Debug\net10.0\SharedKernel.dll
  IdentityAuth.Domain -> C:\Users\Hey\Desktop\demo\services\IdentityAuth\IdentityAuth.Domain\bin\Debug\net10.0\IdentityAuth.Domain.dll
  BuildingBlocks -> C:\Users\Hey\Desktop\demo\src\BuildingBlocks\bin\Debug\net10.0\BuildingBlocks.dll
  IdentityAuth.Application -> C:\Users\Hey\Desktop\demo\services\IdentityAuth\IdentityAuth.Application\bin\Debug\net10.0\IdentityAuth.Application.dll
  IdentityAuth.Infrastructure -> C:\Users\Hey\Desktop\demo\services\IdentityAuth\IdentityAuth.Infrastructure\bin\Debug\net10.0\IdentityAuth.Infrastructure.dll
C:\Program Files\dotnet\sdk\10.0.104\Microsoft.Common.CurrentVersion.targets(5080,5): warning MSB3026: Could not copy "C:\Users\Hey\Desktop\demo\services\IdentityAuth\IdentityAuth.Application\bin\Debug\net10.0\IdentityAuth.Application.dll" to "bin\Debug\net10.0\IdentityAuth.Application.dll". Beginning retry 1 in 1000ms. The process cannot access the file 'C:\Users\Hey\Desktop\demo\services\IdentityAuth\IdentityAuth.API\bin\Debug\net10.0\IdentityAuth.Application.dll' because it is being used by another process. The file is locked by: "IdentityAuth.API (16096)" [C:\Users\Hey\Desktop\demo\services\IdentityAuth\IdentityAuth.API\IdentityAuth.API.csproj]
C:\Program Files\dotnet\sdk\10.0.104\Microsoft.Common.CurrentVersion.targets(5080,5): warning MSB3026: Could not copy "C:\Users\Hey\Desktop\demo\services\IdentityAuth\IdentityAuth.Infrastructure\bin\Debug\net10.0\IdentityAuth.Infrastructure.dll" to "bin\Debug\net10.0\IdentityAuth.Infrastructure.dll". Beginning retry 1 in 1000ms. The process cannot access the file 'C:\Users\Hey\Desktop\demo\services\IdentityAuth\IdentityAuth.API\bin\Debug\net10.0\IdentityAuth.Infrastructure.dll' because it is being used by another process. The file is locked by: "IdentityAuth.API (16096)" [C:\Users\Hey\Desktop\demo\services\IdentityAuth\IdentityAuth.API\IdentityAuth.API.csproj]
C:\Program Files\dotnet\sdk\10.0.104\Microsoft.Common.CurrentVersion.targets(5080,5): warning MSB3026: Could not copy "C:\Users\Hey\Desktop\demo\services\IdentityAuth\IdentityAuth.Application\bin\Debug\net10.0\IdentityAuth.Application.dll" to "bin\Debug\net10.0\IdentityAuth.Application.dll". Beginning retry 2 in 1000ms. The process cannot access the file 'C:\Users\Hey\Desktop\demo\services\IdentityAuth\IdentityAuth.API\bin\Debug\net10.0\IdentityAuth.Application.dll' because it is being used by another process. The file is locked by: "IdentityAuth.API (16096)" [C:\Users\Hey\Desktop\demo\services\IdentityAuth\IdentityAuth.API\IdentityAuth.API.csproj]
C:\Program Files\dotnet\sdk\10.0.104\Microsoft.Common.CurrentVersion.targets(5080,5): warning MSB3026: Could not copy "C:\Users\Hey\Desktop\demo\services\IdentityAuth\IdentityAuth.Infrastructure\bin\Debug\net10.0\IdentityAuth.Infrastructure.dll" to "bin\Debug\net10.0\IdentityAuth.Infrastructure.dll". Beginning retry 2 in 1000ms. The process cannot access the file 'C:\Users\Hey\Desktop\demo\services\IdentityAuth\IdentityAuth.API\bin\Debug\net10.0\IdentityAuth.Infrastructure.dll' because it is being used by another process. The file is locked by: "IdentityAuth.API (16096)" [C:\Users\Hey\Desktop\demo\services\IdentityAuth\IdentityAuth.API\IdentityAuth.API.csproj]
C:\Program Files\dotnet\sdk\10.0.104\Microsoft.Common.CurrentVersion.targets(5080,5): warning MSB3026: Could not copy "C:\Users\Hey\Desktop\demo\services\IdentityAuth\IdentityAuth.Application\bin\Debug\net10.0\IdentityAuth.Application.dll" to "bin\Debug\net10.0\IdentityAuth.Application.dll". Beginning retry 3 in 1000ms. The process cannot access the file 'C:\Users\Hey\Desktop\demo\services\IdentityAuth\IdentityAuth.API\bin\Debug\net10.0\IdentityAuth.Application.dll' because it is being used by another process. The file is locked by: "IdentityAuth.API (16096)" [C:\Users\Hey\Desktop\demo\services\IdentityAuth\IdentityAuth.API\IdentityAuth.API.csproj]
C:\Program Files\dotnet\sdk\10.0.104\Microsoft.Common.CurrentVersion.targets(5080,5): warning MSB3026: Could not copy "C:\Users\Hey\Desktop\demo\services\IdentityAuth\IdentityAuth.Infrastructure\bin\Debug\net10.0\IdentityAuth.Infrastructure.dll" to "bin\Debug\net10.0\IdentityAuth.Infrastructure.dll". Beginning retry 3 in 1000ms. The process cannot access the file 'C:\Users\Hey\Desktop\demo\services\IdentityAuth\IdentityAuth.API\bin\Debug\net10.0\IdentityAuth.Infrastructure.dll' because it is being used by another process. The file is locked by: "IdentityAuth.API (16096)" [C:\Users\Hey\Desktop\demo\services\IdentityAuth\IdentityAuth.API\IdentityAuth.API.csproj]
C:\Program Files\dotnet\sdk\10.0.104\Microsoft.Common.CurrentVersion.targets(5080,5): warning MSB3026: Could not copy "C:\Users\Hey\Desktop\demo\services\IdentityAuth\IdentityAuth.Application\bin\Debug\net10.0\IdentityAuth.Application.dll" to "bin\Debug\net10.0\IdentityAuth.Application.dll". Beginning retry 4 in 1000ms. The process cannot access the file 'C:\Users\Hey\Desktop\demo\services\IdentityAuth\IdentityAuth.API\bin\Debug\net10.0\IdentityAuth.Application.dll' because it is being used by another process. The file is locked by: "IdentityAuth.API (16096)" [C:\Users\Hey\Desktop\demo\services\IdentityAuth\IdentityAuth.API\IdentityAuth.API.csproj]
C:\Program Files\dotnet\sdk\10.0.104\Microsoft.Common.CurrentVersion.targets(5080,5): warning MSB3026: Could not copy "C:\Users\Hey\Desktop\demo\services\IdentityAuth\IdentityAuth.Infrastructure\bin\Debug\net10.0\IdentityAuth.Infrastructure.dll" to "bin\Debug\net10.0\IdentityAuth.Infrastructure.dll". Beginning retry 4 in 1000ms. The process cannot access the file 'C:\Users\Hey\Desktop\demo\services\IdentityAuth\IdentityAuth.API\bin\Debug\net10.0\IdentityAuth.Infrastructure.dll' because it is being used by another process. The file is locked by: "IdentityAuth.API (16096)" [C:\Users\Hey\Desktop\demo\services\IdentityAuth\IdentityAuth.API\IdentityAuth.API.csproj]
C:\Program Files\dotnet\sdk\10.0.104\Microsoft.Common.CurrentVersion.targets(5080,5): warning MSB3026: Could not copy "C:\Users\Hey\Desktop\demo\services\IdentityAuth\IdentityAuth.Application\bin\Debug\net10.0\IdentityAuth.Application.dll" to "bin\Debug\net10.0\IdentityAuth.Application.dll". Beginning retry 5 in 1000ms. The process cannot access the file 'C:\Users\Hey\Desktop\demo\services\IdentityAuth\IdentityAuth.API\bin\Debug\net10.0\IdentityAuth.Application.dll' because it is being used by another process. The file is locked by: "IdentityAuth.API (16096)" [C:\Users\Hey\Desktop\demo\services\IdentityAuth\IdentityAuth.API\IdentityAuth.API.csproj]
C:\Program Files\dotnet\sdk\10.0.104\Microsoft.Common.CurrentVersion.targets(5080,5): warning MSB3026: Could not copy "C:\Users\Hey\Desktop\demo\services\IdentityAuth\IdentityAuth.Infrastructure\bin\Debug\net10.0\IdentityAuth.Infrastructure.dll" to "bin\Debug\net10.0\IdentityAuth.Infrastructure.dll". Beginning retry 5 in 1000ms. The process cannot access the file 'C:\Users\Hey\Desktop\demo\services\IdentityAuth\IdentityAuth.API\bin\Debug\net10.0\IdentityAuth.Infrastructure.dll' because it is being used by another process. The file is locked by: "IdentityAuth.API (16096)" [C:\Users\Hey\Desktop\demo\services\IdentityAuth\IdentityAuth.API\IdentityAuth.API.csproj]
C:\Program Files\dotnet\sdk\10.0.104\Microsoft.Common.CurrentVersion.targets(5080,5): warning MSB3026: Could not copy "C:\Users\Hey\Desktop\demo\services\IdentityAuth\IdentityAuth.Application\bin\Debug\net10.0\IdentityAuth.Application.dll" to "bin\Debug\net10.0\IdentityAuth.Application.dll". Beginning retry 6 in 1000ms. The process cannot access the file 'C:\Users\Hey\Desktop\demo\services\IdentityAuth\IdentityAuth.API\bin\Debug\net10.0\IdentityAuth.Application.dll' because it is being used by another process. The file is locked by: "IdentityAuth.API (16096)" [C:\Users\Hey\Desktop\demo\services\IdentityAuth\IdentityAuth.API\IdentityAuth.API.csproj]
C:\Program Files\dotnet\sdk\10.0.104\Microsoft.Common.CurrentVersion.targets(5080,5): warning MSB3026: Could not copy "C:\Users\Hey\Desktop\demo\services\IdentityAuth\IdentityAuth.Infrastructure\bin\Debug\net10.0\IdentityAuth.Infrastructure.dll" to "bin\Debug\net10.0\IdentityAuth.Infrastructure.dll". Beginning retry 6 in 1000ms. The process cannot access the file 'C:\Users\Hey\Desktop\demo\services\IdentityAuth\IdentityAuth.API\bin\Debug\net10.0\IdentityAuth.Infrastructure.dll' because it is being used by another process. The file is locked by: "IdentityAuth.API (16096)" [C:\Users\Hey\Desktop\demo\services\IdentityAuth\IdentityAuth.API\IdentityAuth.API.csproj]
C:\Program Files\dotnet\sdk\10.0.104\Microsoft.Common.CurrentVersion.targets(5080,5): warning MSB3026: Could not copy "C:\Users\Hey\Desktop\demo\services\IdentityAuth\IdentityAuth.Application\bin\Debug\net10.0\IdentityAuth.Application.dll" to "bin\Debug\net10.0\IdentityAuth.Application.dll". Beginning retry 7 in 1000ms. The process cannot access the file 'C:\Users\Hey\Desktop\demo\services\IdentityAuth\IdentityAuth.API\bin\Debug\net10.0\IdentityAuth.Application.dll' because it is being used by another process. The file is locked by: "IdentityAuth.API (16096)" [C:\Users\Hey\Desktop\demo\services\IdentityAuth\IdentityAuth.API\IdentityAuth.API.csproj]
C:\Program Files\dotnet\sdk\10.0.104\Microsoft.Common.CurrentVersion.targets(5080,5): warning MSB3026: Could not copy "C:\Users\Hey\Desktop\demo\services\IdentityAuth\IdentityAuth.Infrastructure\bin\Debug\net10.0\IdentityAuth.Infrastructure.dll" to "bin\Debug\net10.0\IdentityAuth.Infrastructure.dll". Beginning retry 7 in 1000ms. The process cannot access the file 'C:\Users\Hey\Desktop\demo\services\IdentityAuth\IdentityAuth.API\bin\Debug\net10.0\IdentityAuth.Infrastructure.dll' because it is being used by another process. The file is locked by: "IdentityAuth.API (16096)" [C:\Users\Hey\Desktop\demo\services\IdentityAuth\IdentityAuth.API\IdentityAuth.API.csproj]
C:\Program Files\dotnet\sdk\10.0.104\Microsoft.Common.CurrentVersion.targets(5080,5): warning MSB3026: Could not copy "C:\Users\Hey\Desktop\demo\services\IdentityAuth\IdentityAuth.Application\bin\Debug\net10.0\IdentityAuth.Application.dll" to "bin\Debug\net10.0\IdentityAuth.Application.dll". Beginning retry 8 in 1000ms. The process cannot access the file 'C:\Users\Hey\Desktop\demo\services\IdentityAuth\IdentityAuth.API\bin\Debug\net10.0\IdentityAuth.Application.dll' because it is being used by another process. The file is locked by: "IdentityAuth.API (16096)" [C:\Users\Hey\Desktop\demo\services\IdentityAuth\IdentityAuth.API\IdentityAuth.API.csproj]
C:\Program Files\dotnet\sdk\10.0.104\Microsoft.Common.CurrentVersion.targets(5080,5): warning MSB3026: Could not copy "C:\Users\Hey\Desktop\demo\services\IdentityAuth\IdentityAuth.Infrastructure\bin\Debug\net10.0\IdentityAuth.Infrastructure.dll" to "bin\Debug\net10.0\IdentityAuth.Infrastructure.dll". Beginning retry 8 in 1000ms. The process cannot access the file 'C:\Users\Hey\Desktop\demo\services\IdentityAuth\IdentityAuth.API\bin\Debug\net10.0\IdentityAuth.Infrastructure.dll' because it is being used by another process. The file is locked by: "IdentityAuth.API (16096)" [C:\Users\Hey\Desktop\demo\services\IdentityAuth\IdentityAuth.API\IdentityAuth.API.csproj]
C:\Program Files\dotnet\sdk\10.0.104\Microsoft.Common.CurrentVersion.targets(5080,5): warning MSB3026: Could not copy "C:\Users\Hey\Desktop\demo\services\IdentityAuth\IdentityAuth.Application\bin\Debug\net10.0\IdentityAuth.Application.dll" to "bin\Debug\net10.0\IdentityAuth.Application.dll". Beginning retry 9 in 1000ms. The process cannot access the file 'C:\Users\Hey\Desktop\demo\services\IdentityAuth\IdentityAuth.API\bin\Debug\net10.0\IdentityAuth.Application.dll' because it is being used by another process. The file is locked by: "IdentityAuth.API (16096)" [C:\Users\Hey\Desktop\demo\services\IdentityAuth\IdentityAuth.API\IdentityAuth.API.csproj]
C:\Program Files\dotnet\sdk\10.0.104\Microsoft.Common.CurrentVersion.targets(5080,5): warning MSB3026: Could not copy "C:\Users\Hey\Desktop\demo\services\IdentityAuth\IdentityAuth.Infrastructure\bin\Debug\net10.0\IdentityAuth.Infrastructure.dll" to "bin\Debug\net10.0\IdentityAuth.Infrastructure.dll". Beginning retry 9 in 1000ms. The process cannot access the file 'C:\Users\Hey\Desktop\demo\services\IdentityAuth\IdentityAuth.API\bin\Debug\net10.0\IdentityAuth.Infrastructure.dll' because it is being used by another process. The file is locked by: "IdentityAuth.API (16096)" [C:\Users\Hey\Desktop\demo\services\IdentityAuth\IdentityAuth.API\IdentityAuth.API.csproj]
C:\Program Files\dotnet\sdk\10.0.104\Microsoft.Common.CurrentVersion.targets(5080,5): warning MSB3026: Could not copy "C:\Users\Hey\Desktop\demo\services\IdentityAuth\IdentityAuth.Application\bin\Debug\net10.0\IdentityAuth.Application.dll" to "bin\Debug\net10.0\IdentityAuth.Application.dll". Beginning retry 10 in 1000ms. The process cannot access the file 'C:\Users\Hey\Desktop\demo\services\IdentityAuth\IdentityAuth.API\bin\Debug\net10.0\IdentityAuth.Application.dll' because it is being used by another process. The file is locked by: "IdentityAuth.API (16096)" [C:\Users\Hey\Desktop\demo\services\IdentityAuth\IdentityAuth.API\IdentityAuth.API.csproj]
C:\Program Files\dotnet\sdk\10.0.104\Microsoft.Common.CurrentVersion.targets(5080,5): warning MSB3026: Could not copy "C:\Users\Hey\Desktop\demo\services\IdentityAuth\IdentityAuth.Infrastructure\bin\Debug\net10.0\IdentityAuth.Infrastructure.dll" to "bin\Debug\net10.0\IdentityAuth.Infrastructure.dll". Beginning retry 10 in 1000ms. The process cannot access the file 'C:\Users\Hey\Desktop\demo\services\IdentityAuth\IdentityAuth.API\bin\Debug\net10.0\IdentityAuth.Infrastructure.dll' because it is being used by another process. The file is locked by: "IdentityAuth.API (16096)" [C:\Users\Hey\Desktop\demo\services\IdentityAuth\IdentityAuth.API\IdentityAuth.API.csproj]
C:\Program Files\dotnet\sdk\10.0.104\Microsoft.Common.CurrentVersion.targets(5080,5): error MSB3027: Could not copy "C:\Users\Hey\Desktop\demo\services\IdentityAuth\IdentityAuth.Application\bin\Debug\net10.0\IdentityAuth.Application.dll" to "bin\Debug\net10.0\IdentityAuth.Application.dll". Exceeded retry count of 10. Failed. The file is locked by: "IdentityAuth.API (16096)" [C:\Users\Hey\Desktop\demo\services\IdentityAuth\IdentityAuth.API\IdentityAuth.API.csproj]
C:\Program Files\dotnet\sdk\10.0.104\Microsoft.Common.CurrentVersion.targets(5080,5): error MSB3021: Unable to copy file "C:\Users\Hey\Desktop\demo\services\IdentityAuth\IdentityAuth.Application\bin\Debug\net10.0\IdentityAuth.Application.dll" to "bin\Debug\net10.0\IdentityAuth.Application.dll". The process cannot access the file 'C:\Users\Hey\Desktop\demo\services\IdentityAuth\IdentityAuth.API\bin\Debug\net10.0\IdentityAuth.Application.dll' because it is being used by another process. [C:\Users\Hey\Desktop\demo\services\IdentityAuth\IdentityAuth.API\IdentityAuth.API.csproj]
C:\Program Files\dotnet\sdk\10.0.104\Microsoft.Common.CurrentVersion.targets(5080,5): error MSB3027: Could not copy "C:\Users\Hey\Desktop\demo\services\IdentityAuth\IdentityAuth.Infrastructure\bin\Debug\net10.0\IdentityAuth.Infrastructure.dll" to "bin\Debug\net10.0\IdentityAuth.Infrastructure.dll". Exceeded retry count of 10. Failed. The file is locked by: "IdentityAuth.API (16096)" [C:\Users\Hey\Desktop\demo\services\IdentityAuth\IdentityAuth.API\IdentityAuth.API.csproj]
C:\Program Files\dotnet\sdk\10.0.104\Microsoft.Common.CurrentVersion.targets(5080,5): error MSB3021: Unable to copy file "C:\Users\Hey\Desktop\demo\services\IdentityAuth\IdentityAuth.Infrastructure\bin\Debug\net10.0\IdentityAuth.Infrastructure.dll" to "bin\Debug\net10.0\IdentityAuth.Infrastructure.dll". The process cannot access the file 'C:\Users\Hey\Desktop\demo\services\IdentityAuth\IdentityAuth.API\bin\Debug\net10.0\IdentityAuth.Infrastructure.dll' because it is being used by another process. [C:\Users\Hey\Desktop\demo\services\IdentityAuth\IdentityAuth.API\IdentityAuth.API.csproj]

Build FAILED.

C:\Program Files\dotnet\sdk\10.0.104\Microsoft.Common.CurrentVersion.targets(5080,5): warning MSB3026: Could not copy "C:\Users\Hey\Desktop\demo\services\IdentityAuth\IdentityAuth.Application\bin\Debug\net10.0\IdentityAuth.Application.dll" to "bin\Debug\net10.0\IdentityAuth.Application.dll". Beginning retry 1 in 1000ms. The process cannot access the file 'C:\Users\Hey\Desktop\demo\services\IdentityAuth\IdentityAuth.API\bin\Debug\net10.0\IdentityAuth.Application.dll' because it is being used by another process. The file is locked by: "IdentityAuth.API (16096)" [C:\Users\Hey\Desktop\demo\services\IdentityAuth\IdentityAuth.API\IdentityAuth.API.csproj]
C:\Program Files\dotnet\sdk\10.0.104\Microsoft.Common.CurrentVersion.targets(5080,5): warning MSB3026: Could not copy "C:\Users\Hey\Desktop\demo\services\IdentityAuth\IdentityAuth.Infrastructure\bin\Debug\net10.0\IdentityAuth.Infrastructure.dll" to "bin\Debug\net10.0\IdentityAuth.Infrastructure.dll". Beginning retry 1 in 1000ms. The process cannot access the file 'C:\Users\Hey\Desktop\demo\services\IdentityAuth\IdentityAuth.API\bin\Debug\net10.0\IdentityAuth.Infrastructure.dll' because it is being used by another process. The file is locked by: "IdentityAuth.API (16096)" [C:\Users\Hey\Desktop\demo\services\IdentityAuth\IdentityAuth.API\IdentityAuth.API.csproj]
C:\Program Files\dotnet\sdk\10.0.104\Microsoft.Common.CurrentVersion.targets(5080,5): warning MSB3026: Could not copy "C:\Users\Hey\Desktop\demo\services\IdentityAuth\IdentityAuth.Application\bin\Debug\net10.0\IdentityAuth.Application.dll" to "bin\Debug\net10.0\IdentityAuth.Application.dll". Beginning retry 2 in 1000ms. The process cannot access the file 'C:\Users\Hey\Desktop\demo\services\IdentityAuth\IdentityAuth.API\bin\Debug\net10.0\IdentityAuth.Application.dll' because it is being used by another process. The file is locked by: "IdentityAuth.API (16096)" [C:\Users\Hey\Desktop\demo\services\IdentityAuth\IdentityAuth.API\IdentityAuth.API.csproj]
C:\Program Files\dotnet\sdk\10.0.104\Microsoft.Common.CurrentVersion.targets(5080,5): warning MSB3026: Could not copy "C:\Users\Hey\Desktop\demo\services\IdentityAuth\IdentityAuth.Infrastructure\bin\Debug\net10.0\IdentityAuth.Infrastructure.dll" to "bin\Debug\net10.0\IdentityAuth.Infrastructure.dll". Beginning retry 2 in 1000ms. The process cannot access the file 'C:\Users\Hey\Desktop\demo\services\IdentityAuth\IdentityAuth.API\bin\Debug\net10.0\IdentityAuth.Infrastructure.dll' because it is being used by another process. The file is locked by: "IdentityAuth.API (16096)" [C:\Users\Hey\Desktop\demo\services\IdentityAuth\IdentityAuth.API\IdentityAuth.API.csproj]
C:\Program Files\dotnet\sdk\10.0.104\Microsoft.Common.CurrentVersion.targets(5080,5): warning MSB3026: Could not copy "C:\Users\Hey\Desktop\demo\services\IdentityAuth\IdentityAuth.Application\bin\Debug\net10.0\IdentityAuth.Application.dll" to "bin\Debug\net10.0\IdentityAuth.Application.dll". Beginning retry 3 in 1000ms. The process cannot access the file 'C:\Users\Hey\Desktop\demo\services\IdentityAuth\IdentityAuth.API\bin\Debug\net10.0\IdentityAuth.Application.dll' because it is being used by another process. The file is locked by: "IdentityAuth.API (16096)" [C:\Users\Hey\Desktop\demo\services\IdentityAuth\IdentityAuth.API\IdentityAuth.API.csproj]
C:\Program Files\dotnet\sdk\10.0.104\Microsoft.Common.CurrentVersion.targets(5080,5): warning MSB3026: Could not copy "C:\Users\Hey\Desktop\demo\services\IdentityAuth\IdentityAuth.Infrastructure\bin\Debug\net10.0\IdentityAuth.Infrastructure.dll" to "bin\Debug\net10.0\IdentityAuth.Infrastructure.dll". Beginning retry 3 in 1000ms. The process cannot access the file 'C:\Users\Hey\Desktop\demo\services\IdentityAuth\IdentityAuth.API\bin\Debug\net10.0\IdentityAuth.Infrastructure.dll' because it is being used by another process. The file is locked by: "IdentityAuth.API (16096)" [C:\Users\Hey\Desktop\demo\services\IdentityAuth\IdentityAuth.API\IdentityAuth.API.csproj]
C:\Program Files\dotnet\sdk\10.0.104\Microsoft.Common.CurrentVersion.targets(5080,5): warning MSB3026: Could not copy "C:\Users\Hey\Desktop\demo\services\IdentityAuth\IdentityAuth.Application\bin\Debug\net10.0\IdentityAuth.Application.dll" to "bin\Debug\net10.0\IdentityAuth.Application.dll". Beginning retry 4 in 1000ms. The process cannot access the file 'C:\Users\Hey\Desktop\demo\services\IdentityAuth\IdentityAuth.API\bin\Debug\net10.0\IdentityAuth.Application.dll' because it is being used by another process. The file is locked by: "IdentityAuth.API (16096)" [C:\Users\Hey\Desktop\demo\services\IdentityAuth\IdentityAuth.API\IdentityAuth.API.csproj]
C:\Program Files\dotnet\sdk\10.0.104\Microsoft.Common.CurrentVersion.targets(5080,5): warning MSB3026: Could not copy "C:\Users\Hey\Desktop\demo\services\IdentityAuth\IdentityAuth.Infrastructure\bin\Debug\net10.0\IdentityAuth.Infrastructure.dll" to "bin\Debug\net10.0\IdentityAuth.Infrastructure.dll". Beginning retry 4 in 1000ms. The process cannot access the file 'C:\Users\Hey\Desktop\demo\services\IdentityAuth\IdentityAuth.API\bin\Debug\net10.0\IdentityAuth.Infrastructure.dll' because it is being used by another process. The file is locked by: "IdentityAuth.API (16096)" [C:\Users\Hey\Desktop\demo\services\IdentityAuth\IdentityAuth.API\IdentityAuth.API.csproj]
C:\Program Files\dotnet\sdk\10.0.104\Microsoft.Common.CurrentVersion.targets(5080,5): warning MSB3026: Could not copy "C:\Users\Hey\Desktop\demo\services\IdentityAuth\IdentityAuth.Application\bin\Debug\net10.0\IdentityAuth.Application.dll" to "bin\Debug\net10.0\IdentityAuth.Application.dll". Beginning retry 5 in 1000ms. The process cannot access the file 'C:\Users\Hey\Desktop\demo\services\IdentityAuth\IdentityAuth.API\bin\Debug\net10.0\IdentityAuth.Application.dll' because it is being used by another process. The file is locked by: "IdentityAuth.API (16096)" [C:\Users\Hey\Desktop\demo\services\IdentityAuth\IdentityAuth.API\IdentityAuth.API.csproj]
C:\Program Files\dotnet\sdk\10.0.104\Microsoft.Common.CurrentVersion.targets(5080,5): warning MSB3026: Could not copy "C:\Users\Hey\Desktop\demo\services\IdentityAuth\IdentityAuth.Infrastructure\bin\Debug\net10.0\IdentityAuth.Infrastructure.dll" to "bin\Debug\net10.0\IdentityAuth.Infrastructure.dll". Beginning retry 5 in 1000ms. The process cannot access the file 'C:\Users\Hey\Desktop\demo\services\IdentityAuth\IdentityAuth.API\bin\Debug\net10.0\IdentityAuth.Infrastructure.dll' because it is being used by another process. The file is locked by: "IdentityAuth.API (16096)" [C:\Users\Hey\Desktop\demo\services\IdentityAuth\IdentityAuth.API\IdentityAuth.API.csproj]
C:\Program Files\dotnet\sdk\10.0.104\Microsoft.Common.CurrentVersion.targets(5080,5): warning MSB3026: Could not copy "C:\Users\Hey\Desktop\demo\services\IdentityAuth\IdentityAuth.Application\bin\Debug\net10.0\IdentityAuth.Application.dll" to "bin\Debug\net10.0\IdentityAuth.Application.dll". Beginning retry 6 in 1000ms. The process cannot access the file 'C:\Users\Hey\Desktop\demo\services\IdentityAuth\IdentityAuth.API\bin\Debug\net10.0\IdentityAuth.Application.dll' because it is being used by another process. The file is locked by: "IdentityAuth.API (16096)" [C:\Users\Hey\Desktop\demo\services\IdentityAuth\IdentityAuth.API\IdentityAuth.API.csproj]
C:\Program Files\dotnet\sdk\10.0.104\Microsoft.Common.CurrentVersion.targets(5080,5): warning MSB3026: Could not copy "C:\Users\Hey\Desktop\demo\services\IdentityAuth\IdentityAuth.Infrastructure\bin\Debug\net10.0\IdentityAuth.Infrastructure.dll" to "bin\Debug\net10.0\IdentityAuth.Infrastructure.dll". Beginning retry 6 in 1000ms. The process cannot access the file 'C:\Users\Hey\Desktop\demo\services\IdentityAuth\IdentityAuth.API\bin\Debug\net10.0\IdentityAuth.Infrastructure.dll' because it is being used by another process. The file is locked by: "IdentityAuth.API (16096)" [C:\Users\Hey\Desktop\demo\services\IdentityAuth\IdentityAuth.API\IdentityAuth.API.csproj]
C:\Program Files\dotnet\sdk\10.0.104\Microsoft.Common.CurrentVersion.targets(5080,5): warning MSB3026: Could not copy "C:\Users\Hey\Desktop\demo\services\IdentityAuth\IdentityAuth.Application\bin\Debug\net10.0\IdentityAuth.Application.dll" to "bin\Debug\net10.0\IdentityAuth.Application.dll". Beginning retry 7 in 1000ms. The process cannot access the file 'C:\Users\Hey\Desktop\demo\services\IdentityAuth\IdentityAuth.API\bin\Debug\net10.0\IdentityAuth.Application.dll' because it is being used by another process. The file is locked by: "IdentityAuth.API (16096)" [C:\Users\Hey\Desktop\demo\services\IdentityAuth\IdentityAuth.API\IdentityAuth.API.csproj]
C:\Program Files\dotnet\sdk\10.0.104\Microsoft.Common.CurrentVersion.targets(5080,5): warning MSB3026: Could not copy "C:\Users\Hey\Desktop\demo\services\IdentityAuth\IdentityAuth.Infrastructure\bin\Debug\net10.0\IdentityAuth.Infrastructure.dll" to "bin\Debug\net10.0\IdentityAuth.Infrastructure.dll". Beginning retry 7 in 1000ms. The process cannot access the file 'C:\Users\Hey\Desktop\demo\services\IdentityAuth\IdentityAuth.API\bin\Debug\net10.0\IdentityAuth.Infrastructure.dll' because it is being used by another process. The file is locked by: "IdentityAuth.API (16096)" [C:\Users\Hey\Desktop\demo\services\IdentityAuth\IdentityAuth.API\IdentityAuth.API.csproj]
C:\Program Files\dotnet\sdk\10.0.104\Microsoft.Common.CurrentVersion.targets(5080,5): warning MSB3026: Could not copy "C:\Users\Hey\Desktop\demo\services\IdentityAuth\IdentityAuth.Application\bin\Debug\net10.0\IdentityAuth.Application.dll" to "bin\Debug\net10.0\IdentityAuth.Application.dll". Beginning retry 8 in 1000ms. The process cannot access the file 'C:\Users\Hey\Desktop\demo\services\IdentityAuth\IdentityAuth.API\bin\Debug\net10.0\IdentityAuth.Application.dll' because it is being used by another process. The file is locked by: "IdentityAuth.API (16096)" [C:\Users\Hey\Desktop\demo\services\IdentityAuth\IdentityAuth.API\IdentityAuth.API.csproj]
C:\Program Files\dotnet\sdk\10.0.104\Microsoft.Common.CurrentVersion.targets(5080,5): warning MSB3026: Could not copy "C:\Users\Hey\Desktop\demo\services\IdentityAuth\IdentityAuth.Infrastructure\bin\Debug\net10.0\IdentityAuth.Infrastructure.dll" to "bin\Debug\net10.0\IdentityAuth.Infrastructure.dll". Beginning retry 8 in 1000ms. The process cannot access the file 'C:\Users\Hey\Desktop\demo\services\IdentityAuth\IdentityAuth.API\bin\Debug\net10.0\IdentityAuth.Infrastructure.dll' because it is being used by another process. The file is locked by: "IdentityAuth.API (16096)" [C:\Users\Hey\Desktop\demo\services\IdentityAuth\IdentityAuth.API\IdentityAuth.API.csproj]
C:\Program Files\dotnet\sdk\10.0.104\Microsoft.Common.CurrentVersion.targets(5080,5): warning MSB3026: Could not copy "C:\Users\Hey\Desktop\demo\services\IdentityAuth\IdentityAuth.Application\bin\Debug\net10.0\IdentityAuth.Application.dll" to "bin\Debug\net10.0\IdentityAuth.Application.dll". Beginning retry 9 in 1000ms. The process cannot access the file 'C:\Users\Hey\Desktop\demo\services\IdentityAuth\IdentityAuth.API\bin\Debug\net10.0\IdentityAuth.Application.dll' because it is being used by another process. The file is locked by: "IdentityAuth.API (16096)" [C:\Users\Hey\Desktop\demo\services\IdentityAuth\IdentityAuth.API\IdentityAuth.API.csproj]
C:\Program Files\dotnet\sdk\10.0.104\Microsoft.Common.CurrentVersion.targets(5080,5): warning MSB3026: Could not copy "C:\Users\Hey\Desktop\demo\services\IdentityAuth\IdentityAuth.Infrastructure\bin\Debug\net10.0\IdentityAuth.Infrastructure.dll" to "bin\Debug\net10.0\IdentityAuth.Infrastructure.dll". Beginning retry 9 in 1000ms. The process cannot access the file 'C:\Users\Hey\Desktop\demo\services\IdentityAuth\IdentityAuth.API\bin\Debug\net10.0\IdentityAuth.Infrastructure.dll' because it is being used by another process. The file is locked by: "IdentityAuth.API (16096)" [C:\Users\Hey\Desktop\demo\services\IdentityAuth\IdentityAuth.API\IdentityAuth.API.csproj]
C:\Program Files\dotnet\sdk\10.0.104\Microsoft.Common.CurrentVersion.targets(5080,5): warning MSB3026: Could not copy "C:\Users\Hey\Desktop\demo\services\IdentityAuth\IdentityAuth.Application\bin\Debug\net10.0\IdentityAuth.Application.dll" to "bin\Debug\net10.0\IdentityAuth.Application.dll". Beginning retry 10 in 1000ms. The process cannot access the file 'C:\Users\Hey\Desktop\demo\services\IdentityAuth\IdentityAuth.API\bin\Debug\net10.0\IdentityAuth.Application.dll' because it is being used by another process. The file is locked by: "IdentityAuth.API (16096)" [C:\Users\Hey\Desktop\demo\services\IdentityAuth\IdentityAuth.API\IdentityAuth.API.csproj]
C:\Program Files\dotnet\sdk\10.0.104\Microsoft.Common.CurrentVersion.targets(5080,5): warning MSB3026: Could not copy "C:\Users\Hey\Desktop\demo\services\IdentityAuth\IdentityAuth.Infrastructure\bin\Debug\net10.0\IdentityAuth.Infrastructure.dll" to "bin\Debug\net10.0\IdentityAuth.Infrastructure.dll". Beginning retry 10 in 1000ms. The process cannot access the file 'C:\Users\Hey\Desktop\demo\services\IdentityAuth\IdentityAuth.API\bin\Debug\net10.0\IdentityAuth.Infrastructure.dll' because it is being used by another process. The file is locked by: "IdentityAuth.API (16096)" [C:\Users\Hey\Desktop\demo\services\IdentityAuth\IdentityAuth.API\IdentityAuth.API.csproj]
C:\Program Files\dotnet\sdk\10.0.104\Microsoft.Common.CurrentVersion.targets(5080,5): error MSB3027: Could not copy "C:\Users\Hey\Desktop\demo\services\IdentityAuth\IdentityAuth.Application\bin\Debug\net10.0\IdentityAuth.Application.dll" to "bin\Debug\net10.0\IdentityAuth.Application.dll". Exceeded retry count of 10. Failed. The file is locked by: "IdentityAuth.API (16096)" [C:\Users\Hey\Desktop\demo\services\IdentityAuth\IdentityAuth.API\IdentityAuth.API.csproj]
C:\Program Files\dotnet\sdk\10.0.104\Microsoft.Common.CurrentVersion.targets(5080,5): error MSB3021: Unable to copy file "C:\Users\Hey\Desktop\demo\services\IdentityAuth\IdentityAuth.Application\bin\Debug\net10.0\IdentityAuth.Application.dll" to "bin\Debug\net10.0\IdentityAuth.Application.dll". The process cannot access the file 'C:\Users\Hey\Desktop\demo\services\IdentityAuth\IdentityAuth.API\bin\Debug\net10.0\IdentityAuth.Application.dll' because it is being used by another process. [C:\Users\Hey\Desktop\demo\services\IdentityAuth\IdentityAuth.API\IdentityAuth.API.csproj]
C:\Program Files\dotnet\sdk\10.0.104\Microsoft.Common.CurrentVersion.targets(5080,5): error MSB3027: Could not copy "C:\Users\Hey\Desktop\demo\services\IdentityAuth\IdentityAuth.Infrastructure\bin\Debug\net10.0\IdentityAuth.Infrastructure.dll" to "bin\Debug\net10.0\IdentityAuth.Infrastructure.dll". Exceeded retry count of 10. Failed. The file is locked by: "IdentityAuth.API (16096)" [C:\Users\Hey\Desktop\demo\services\IdentityAuth\IdentityAuth.API\IdentityAuth.API.csproj]
C:\Program Files\dotnet\sdk\10.0.104\Microsoft.Common.CurrentVersion.targets(5080,5): error MSB3021: Unable to copy file "C:\Users\Hey\Desktop\demo\services\IdentityAuth\IdentityAuth.Infrastructure\bin\Debug\net10.0\IdentityAuth.Infrastructure.dll" to "bin\Debug\net10.0\IdentityAuth.Infrastructure.dll". The process cannot access the file 'C:\Users\Hey\Desktop\demo\services\IdentityAuth\IdentityAuth.API\bin\Debug\net10.0\IdentityAuth.Infrastructure.dll' because it is being used by another process. [C:\Users\Hey\Desktop\demo\services\IdentityAuth\IdentityAuth.API\IdentityAuth.API.csproj]
    20 Warning(s)
    4 Error(s)

Time Elapsed 00:00:15.66
