<?xml version="1.0" encoding="utf-8"?>
<TestRun id="2ea266da-682e-4c6d-a268-d9b7fadc7ac8" name="Hey@DESKTOP-NFND817 2026-04-15 08:02:11" runUser="DESKTOP-NFND817\Hey" xmlns="http://microsoft.com/schemas/VisualStudio/TeamTest/2010">
  <Times creation="2026-04-15T08:02:11.3862414+05:30" queuing="2026-04-15T08:02:11.3862420+05:30" start="2026-04-15T08:02:10.1572276+05:30" finish="2026-04-15T08:02:11.4833223+05:30" />
  <TestSettings name="default" id="56b842d8-3fe9-4697-bdee-82bc33e16b3b">
    <Deployment runDeploymentRoot="Hey_DESKTOP-NFND817_2026-04-15_08_02_11" />
  </TestSettings>
  <Results>
    <UnitTestResult executionId="7859cb5b-c44b-4f56-8d76-3c77b312d04c" testId="f80df9b8-10d4-9288-8aca-ccee3560991d" testName="Order.Domain.Tests.OrderAggregateTests.TransitionTo_AllowedTransition_UpdatesStatusAndHistory" computerName="DESKTOP-NFND817" duration="00:00:00.0017845" startTime="2026-04-15T08:02:11.1337678+05:30" endTime="2026-04-15T08:02:11.1338211+05:30" testType="13cdc9d9-ddb5-4fa4-a97d-d965ccfc6d4b" outcome="Passed" testListId="8c84fa94-04c1-424b-9868-57a2d4851a1d" relativeResultsDirectory="7859cb5b-c44b-4f56-8d76-3c77b312d04c" />
    <UnitTestResult executionId="abe731a8-6703-4973-be9a-54ede90236a8" testId="039258d9-d1b7-e8b6-70db-d16799094630" testName="Order.Domain.Tests.OrderAggregateTests.AddLine_RecalculatesTotalAmount" computerName="DESKTOP-NFND817" duration="00:00:00.0038855" startTime="2026-04-15T08:02:11.1341284+05:30" endTime="2026-04-15T08:02:11.1341718+05:30" testType="13cdc9d9-ddb5-4fa4-a97d-d965ccfc6d4b" outcome="Passed" testListId="8c84fa94-04c1-424b-9868-57a2d4851a1d" relativeResultsDirectory="abe731a8-6703-4973-be9a-54ede90236a8" />
    <UnitTestResult executionId="5a9432b8-48a1-456d-8cb6-e8c644e3892b" testId="511ee1b9-72b4-f9fa-8531-54f8c592ba22" testName="Order.Domain.Tests.OrderServiceReturnApprovalTests.ApproveReturnAsync_WhenRestockFails_ThrowsAndDoesNotSettleOrApprove" computerName="DESKTOP-NFND817" duration="00:00:00.1673310" startTime="2026-04-15T08:02:11.1049506+05:30" endTime="2026-04-15T08:02:11.2763676+05:30" testType="13cdc9d9-ddb5-4fa4-a97d-d965ccfc6d4b" outcome="Passed" testListId="8c84fa94-04c1-424b-9868-57a2d4851a1d" relativeResultsDirectory="5a9432b8-48a1-456d-8cb6-e8c644e3892b" />
    <UnitTestResult executionId="cb862f43-a56e-4529-9f41-b2a60ad80016" testId="ddd3e1cb-dfd4-87b5-3dbb-d6923bca966f" testName="Order.Domain.Tests.OrderAggregateTests.TransitionTo_InvalidTransition_ThrowsInvalidOperationException" computerName="DESKTOP-NFND817" duration="00:00:00.0012666" startTime="2026-04-15T08:02:11.1342521+05:30" endTime="2026-04-15T08:02:11.1342871+05:30" testType="13cdc9d9-ddb5-4fa4-a97d-d965ccfc6d4b" outcome="Passed" testListId="8c84fa94-04c1-424b-9868-57a2d4851a1d" relativeResultsDirectory="cb862f43-a56e-4529-9f41-b2a60ad80016" />
    <UnitTestResult executionId="1f1e6dd6-fd6f-4892-ae78-02b947b64ce3" testId="465c678e-05f7-726a-36ab-7e4fa7f04304" testName="Order.Domain.Tests.OrderAggregateTests.RaiseReturn_UsesDeliveryTimeForWindow_NotPlacedTime" computerName="DESKTOP-NFND817" duration="00:00:00.0005638" startTime="2026-04-15T08:02:11.1339897+05:30" endTime="2026-04-15T08:02:11.1340320+05:30" testType="13cdc9d9-ddb5-4fa4-a97d-d965ccfc6d4b" outcome="Passed" testListId="8c84fa94-04c1-424b-9868-57a2d4851a1d" relativeResultsDirectory="1f1e6dd6-fd6f-4892-ae78-02b947b64ce3" />
    <UnitTestResult executionId="b317b525-fe04-4210-84bb-4a2c43ffaf14" testId="d2d148e4-7bf3-4d8e-a5d0-89a64a1b4d40" testName="Order.Domain.Tests.OrderAggregateTests.RaiseReturn_WhenDeliveredWithinWindow_CreatesReturnRequest" computerName="DESKTOP-NFND817" duration="00:00:00.0004370" startTime="2026-04-15T08:02:11.1329272+05:30" endTime="2026-04-15T08:02:11.1329922+05:30" testType="13cdc9d9-ddb5-4fa4-a97d-d965ccfc6d4b" outcome="Passed" testListId="8c84fa94-04c1-424b-9868-57a2d4851a1d" relativeResultsDirectory="b317b525-fe04-4210-84bb-4a2c43ffaf14" />
    <UnitTestResult executionId="697c4df3-6ea5-4a70-a352-02cacca03473" testId="10dce44a-9df0-5056-ad53-fb85b06e22ee" testName="Order.Domain.Tests.OrderAggregateTests.MarkCreditRejected_CancelsOrderAndSetsReason" computerName="DESKTOP-NFND817" duration="00:00:00.0004321" startTime="2026-04-15T08:02:11.1343675+05:30" endTime="2026-04-15T08:02:11.1344001+05:30" testType="13cdc9d9-ddb5-4fa4-a97d-d965ccfc6d4b" outcome="Passed" testListId="8c84fa94-04c1-424b-9868-57a2d4851a1d" relativeResultsDirectory="697c4df3-6ea5-4a70-a352-02cacca03473" />
    <UnitTestResult executionId="6cee375c-e79e-43eb-b388-45e250d97bd1" testId="8107d2e0-3286-daaf-00b2-587e24f5ce55" testName="Order.Domain.Tests.OrderServiceReturnApprovalTests.ApproveReturnAsync_WhenCompensationSucceeds_RestocksGroupedLinesSettlesCreditAndApproves" computerName="DESKTOP-NFND817" duration="00:00:00.0029937" startTime="2026-04-15T08:02:11.2767089+05:30" endTime="2026-04-15T08:02:11.2795090+05:30" testType="13cdc9d9-ddb5-4fa4-a97d-d965ccfc6d4b" outcome="Passed" testListId="8c84fa94-04c1-424b-9868-57a2d4851a1d" relativeResultsDirectory="6cee375c-e79e-43eb-b388-45e250d97bd1" />
    <UnitTestResult executionId="b477e9e4-1733-42e2-9517-86e1e5855703" testId="2c032e38-c943-81c2-fc20-7947e6cf0578" testName="Order.Domain.Tests.OrderAggregateTests.Create_SetsPlacedStatusAndPaymentMode" computerName="DESKTOP-NFND817" duration="00:00:00.0136884" startTime="2026-04-15T08:02:11.1064011+05:30" endTime="2026-04-15T08:02:11.1246453+05:30" testType="13cdc9d9-ddb5-4fa4-a97d-d965ccfc6d4b" outcome="Passed" testListId="8c84fa94-04c1-424b-9868-57a2d4851a1d" relativeResultsDirectory="b477e9e4-1733-42e2-9517-86e1e5855703" />
    <UnitTestResult executionId="7b759128-8b10-4c6c-aeeb-4dee995df626" testId="56b646d6-fc9d-18df-c122-6aa79e2e05d3" testName="Order.Domain.Tests.OrderServiceReturnApprovalTests.ApproveReturnAsync_WhenCreditSettlementFails_ThrowsAndKeepsReturnRequested" computerName="DESKTOP-NFND817" duration="00:00:00.0012358" startTime="2026-04-15T08:02:11.3297387+05:30" endTime="2026-04-15T08:02:11.3298233+05:30" testType="13cdc9d9-ddb5-4fa4-a97d-d965ccfc6d4b" outcome="Passed" testListId="8c84fa94-04c1-424b-9868-57a2d4851a1d" relativeResultsDirectory="7b759128-8b10-4c6c-aeeb-4dee995df626" />
  </Results>
  <TestDefinitions>
    <UnitTest name="Order.Domain.Tests.OrderAggregateTests.RaiseReturn_WhenDeliveredWithinWindow_CreatesReturnRequest" storage="c:\users\hey\desktop\demo\tests\order.domain.tests\bin\debug\net10.0\order.domain.tests.dll" id="d2d148e4-7bf3-4d8e-a5d0-89a64a1b4d40">
      <Execution id="b317b525-fe04-4210-84bb-4a2c43ffaf14" />
      <TestMethod codeBase="C:\Users\Hey\Desktop\demo\tests\Order.Domain.Tests\bin\Debug\net10.0\Order.Domain.Tests.dll" adapterTypeName="executor://xunit/VsTestRunner3/netcore/" className="Order.Domain.Tests.OrderAggregateTests" name="RaiseReturn_WhenDeliveredWithinWindow_CreatesReturnRequest" />
    </UnitTest>
    <UnitTest name="Order.Domain.Tests.OrderAggregateTests.TransitionTo_AllowedTransition_UpdatesStatusAndHistory" storage="c:\users\hey\desktop\demo\tests\order.domain.tests\bin\debug\net10.0\order.domain.tests.dll" id="f80df9b8-10d4-9288-8aca-ccee3560991d">
      <Execution id="7859cb5b-c44b-4f56-8d76-3c77b312d04c" />
      <TestMethod codeBase="C:\Users\Hey\Desktop\demo\tests\Order.Domain.Tests\bin\Debug\net10.0\Order.Domain.Tests.dll" adapterTypeName="executor://xunit/VsTestRunner3/netcore/" className="Order.Domain.Tests.OrderAggregateTests" name="TransitionTo_AllowedTransition_UpdatesStatusAndHistory" />
    </UnitTest>
    <UnitTest name="Order.Domain.Tests.OrderAggregateTests.Create_SetsPlacedStatusAndPaymentMode" storage="c:\users\hey\desktop\demo\tests\order.domain.tests\bin\debug\net10.0\order.domain.tests.dll" id="2c032e38-c943-81c2-fc20-7947e6cf0578">
      <Execution id="b477e9e4-1733-42e2-9517-86e1e5855703" />
      <TestMethod codeBase="C:\Users\Hey\Desktop\demo\tests\Order.Domain.Tests\bin\Debug\net10.0\Order.Domain.Tests.dll" adapterTypeName="executor://xunit/VsTestRunner3/netcore/" className="Order.Domain.Tests.OrderAggregateTests" name="Create_SetsPlacedStatusAndPaymentMode" />
    </UnitTest>
    <UnitTest name="Order.Domain.Tests.OrderServiceReturnApprovalTests.ApproveReturnAsync_WhenRestockFails_ThrowsAndDoesNotSettleOrApprove" storage="c:\users\hey\desktop\demo\tests\order.domain.tests\bin\debug\net10.0\order.domain.tests.dll" id="511ee1b9-72b4-f9fa-8531-54f8c592ba22">
      <Execution id="5a9432b8-48a1-456d-8cb6-e8c644e3892b" />
      <TestMethod codeBase="C:\Users\Hey\Desktop\demo\tests\Order.Domain.Tests\bin\Debug\net10.0\Order.Domain.Tests.dll" adapterTypeName="executor://xunit/VsTestRunner3/netcore/" className="Order.Domain.Tests.OrderServiceReturnApprovalTests" name="ApproveReturnAsync_WhenRestockFails_ThrowsAndDoesNotSettleOrApprove" />
    </UnitTest>
    <UnitTest name="Order.Domain.Tests.OrderServiceReturnApprovalTests.ApproveReturnAsync_WhenCompensationSucceeds_RestocksGroupedLinesSettlesCreditAndApproves" storage="c:\users\hey\desktop\demo\tests\order.domain.tests\bin\debug\net10.0\order.domain.tests.dll" id="8107d2e0-3286-daaf-00b2-587e24f5ce55">
      <Execution id="6cee375c-e79e-43eb-b388-45e250d97bd1" />
      <TestMethod codeBase="C:\Users\Hey\Desktop\demo\tests\Order.Domain.Tests\bin\Debug\net10.0\Order.Domain.Tests.dll" adapterTypeName="executor://xunit/VsTestRunner3/netcore/" className="Order.Domain.Tests.OrderServiceReturnApprovalTests" name="ApproveReturnAsync_WhenCompensationSucceeds_RestocksGroupedLinesSettlesCreditAndApproves" />
    </UnitTest>
    <UnitTest name="Order.Domain.Tests.OrderAggregateTests.AddLine_RecalculatesTotalAmount" storage="c:\users\hey\desktop\demo\tests\order.domain.tests\bin\debug\net10.0\order.domain.tests.dll" id="039258d9-d1b7-e8b6-70db-d16799094630">
      <Execution id="abe731a8-6703-4973-be9a-54ede90236a8" />
      <TestMethod codeBase="C:\Users\Hey\Desktop\demo\tests\Order.Domain.Tests\bin\Debug\net10.0\Order.Domain.Tests.dll" adapterTypeName="executor://xunit/VsTestRunner3/netcore/" className="Order.Domain.Tests.OrderAggregateTests" name="AddLine_RecalculatesTotalAmount" />
    </UnitTest>
    <UnitTest name="Order.Domain.Tests.OrderAggregateTests.TransitionTo_InvalidTransition_ThrowsInvalidOperationException" storage="c:\users\hey\desktop\demo\tests\order.domain.tests\bin\debug\net10.0\order.domain.tests.dll" id="ddd3e1cb-dfd4-87b5-3dbb-d6923bca966f">
      <Execution id="cb862f43-a56e-4529-9f41-b2a60ad80016" />
      <TestMethod codeBase="C:\Users\Hey\Desktop\demo\tests\Order.Domain.Tests\bin\Debug\net10.0\Order.Domain.Tests.dll" adapterTypeName="executor://xunit/VsTestRunner3/netcore/" className="Order.Domain.Tests.OrderAggregateTests" name="TransitionTo_InvalidTransition_ThrowsInvalidOperationException" />
    </UnitTest>
    <UnitTest name="Order.Domain.Tests.OrderAggregateTests.RaiseReturn_UsesDeliveryTimeForWindow_NotPlacedTime" storage="c:\users\hey\desktop\demo\tests\order.domain.tests\bin\debug\net10.0\order.domain.tests.dll" id="465c678e-05f7-726a-36ab-7e4fa7f04304">
      <Execution id="1f1e6dd6-fd6f-4892-ae78-02b947b64ce3" />
      <TestMethod codeBase="C:\Users\Hey\Desktop\demo\tests\Order.Domain.Tests\bin\Debug\net10.0\Order.Domain.Tests.dll" adapterTypeName="executor://xunit/VsTestRunner3/netcore/" className="Order.Domain.Tests.OrderAggregateTests" name="RaiseReturn_UsesDeliveryTimeForWindow_NotPlacedTime" />
    </UnitTest>
    <UnitTest name="Order.Domain.Tests.OrderAggregateTests.MarkCreditRejected_CancelsOrderAndSetsReason" storage="c:\users\hey\desktop\demo\tests\order.domain.tests\bin\debug\net10.0\order.domain.tests.dll" id="10dce44a-9df0-5056-ad53-fb85b06e22ee">
      <Execution id="697c4df3-6ea5-4a70-a352-02cacca03473" />
      <TestMethod codeBase="C:\Users\Hey\Desktop\demo\tests\Order.Domain.Tests\bin\Debug\net10.0\Order.Domain.Tests.dll" adapterTypeName="executor://xunit/VsTestRunner3/netcore/" className="Order.Domain.Tests.OrderAggregateTests" name="MarkCreditRejected_CancelsOrderAndSetsReason" />
    </UnitTest>
    <UnitTest name="Order.Domain.Tests.OrderServiceReturnApprovalTests.ApproveReturnAsync_WhenCreditSettlementFails_ThrowsAndKeepsReturnRequested" storage="c:\users\hey\desktop\demo\tests\order.domain.tests\bin\debug\net10.0\order.domain.tests.dll" id="56b646d6-fc9d-18df-c122-6aa79e2e05d3">
      <Execution id="7b759128-8b10-4c6c-aeeb-4dee995df626" />
      <TestMethod codeBase="C:\Users\Hey\Desktop\demo\tests\Order.Domain.Tests\bin\Debug\net10.0\Order.Domain.Tests.dll" adapterTypeName="executor://xunit/VsTestRunner3/netcore/" className="Order.Domain.Tests.OrderServiceReturnApprovalTests" name="ApproveReturnAsync_WhenCreditSettlementFails_ThrowsAndKeepsReturnRequested" />
    </UnitTest>
  </TestDefinitions>
  <TestEntries>
    <TestEntry testId="f80df9b8-10d4-9288-8aca-ccee3560991d" executionId="7859cb5b-c44b-4f56-8d76-3c77b312d04c" testListId="8c84fa94-04c1-424b-9868-57a2d4851a1d" />
    <TestEntry testId="039258d9-d1b7-e8b6-70db-d16799094630" executionId="abe731a8-6703-4973-be9a-54ede90236a8" testListId="8c84fa94-04c1-424b-9868-57a2d4851a1d" />
    <TestEntry testId="511ee1b9-72b4-f9fa-8531-54f8c592ba22" executionId="5a9432b8-48a1-456d-8cb6-e8c644e3892b" testListId="8c84fa94-04c1-424b-9868-57a2d4851a1d" />
    <TestEntry testId="ddd3e1cb-dfd4-87b5-3dbb-d6923bca966f" executionId="cb862f43-a56e-4529-9f41-b2a60ad80016" testListId="8c84fa94-04c1-424b-9868-57a2d4851a1d" />
    <TestEntry testId="465c678e-05f7-726a-36ab-7e4fa7f04304" executionId="1f1e6dd6-fd6f-4892-ae78-02b947b64ce3" testListId="8c84fa94-04c1-424b-9868-57a2d4851a1d" />
    <TestEntry testId="d2d148e4-7bf3-4d8e-a5d0-89a64a1b4d40" executionId="b317b525-fe04-4210-84bb-4a2c43ffaf14" testListId="8c84fa94-04c1-424b-9868-57a2d4851a1d" />
    <TestEntry testId="10dce44a-9df0-5056-ad53-fb85b06e22ee" executionId="697c4df3-6ea5-4a70-a352-02cacca03473" testListId="8c84fa94-04c1-424b-9868-57a2d4851a1d" />
    <TestEntry testId="8107d2e0-3286-daaf-00b2-587e24f5ce55" executionId="6cee375c-e79e-43eb-b388-45e250d97bd1" testListId="8c84fa94-04c1-424b-9868-57a2d4851a1d" />
    <TestEntry testId="2c032e38-c943-81c2-fc20-7947e6cf0578" executionId="b477e9e4-1733-42e2-9517-86e1e5855703" testListId="8c84fa94-04c1-424b-9868-57a2d4851a1d" />
    <TestEntry testId="56b646d6-fc9d-18df-c122-6aa79e2e05d3" executionId="7b759128-8b10-4c6c-aeeb-4dee995df626" testListId="8c84fa94-04c1-424b-9868-57a2d4851a1d" />
  </TestEntries>
  <TestLists>
    <TestList name="Results Not in a List" id="8c84fa94-04c1-424b-9868-57a2d4851a1d" />
    <TestList name="All Loaded Results" id="19431567-8539-422a-85d7-44ee4e166bda" />
  </TestLists>
  <ResultSummary outcome="Completed">
    <Counters total="10" executed="10" passed="10" failed="0" error="0" timeout="0" aborted="0" inconclusive="0" passedButRunAborted="0" notRunnable="0" notExecuted="0" disconnected="0" warning="0" completed="0" inProgress="0" pending="0" />
    <Output>
      <StdOut>[xUnit.net 00:00:00.00] xUnit.net VSTest Adapter v3.1.4+50e68bbb8b (64-bit .NET 10.0.6)&#xD;
[xUnit.net 00:00:00.29]   Discovering: Order.Domain.Tests&#xD;
[xUnit.net 00:00:00.33]   Discovered:  Order.Domain.Tests&#xD;
[xUnit.net 00:00:00.35]   Starting:    Order.Domain.Tests&#xD;
[xUnit.net 00:00:00.59]   Finished:    Order.Domain.Tests&#xD;
</StdOut>
    </Output>
  </ResultSummary>
</TestRun>